python : E:\App\matrixquesgen\.venv\lib\site-packages\google\api_core\_python_version_support.py:266: FutureWarning: You are using a Python version 
(3.10.11) which Google will stop supporting in new releases of google.api_core once it reaches its end of life (2026-10-04). Please upgrade to the 
latest Python version, or at least Python 3.11, to continue receiving updates for google.api_core past that date.
At line:1 char:52
+ ... tivate.ps1; python test_rich_content_parser.py > test_output.txt 2>&1 ...
+                 ~~~~~~~~~~~~~~~~~~~~~~~~~~~~~~~~~~~~~~~~~~~~~~~~~~~~~~~~~
    + CategoryInfo          : NotSpecified: (E:\App\matrixqu...past that date.:String) [], RemoteException
    + FullyQualifiedErrorId : NativeCommandError
 
  warnings.warn(message, FutureWarning)
============================================================
Testing parse_question_cell()
============================================================
Traceback (most recent call last):
  File "E:\App\matrixquesgen\test_rich_content_parser.py", line 127, in <module>
    test_parse_question_cell()
  File "E:\App\matrixquesgen\test_rich_content_parser.py", line 34, in test_parse_question_cell
    print(f"{status} Input: '{cell_value}'")
  File "C:\Users\EdmicroUs\AppData\Local\Programs\Python\Python310\lib\encodings\cp1252.py", line 19, in encode
    return codecs.charmap_encode(input,self.errors,encoding_table)[0]
UnicodeEncodeError: 'charmap' codec can't encode character '\u2713' in position 0: character maps to <undefined>
